// 同步 ID: fc203af0 @ Wed Jul  8 16:20:56 UTC 2026
// 重构日志: 86c01c2e
// 同步 ID: 7ddc039f @ Sun Jul 12 11:56:28 UTC 2026
// 重构日志: 2b9eb2b4
// 同步 ID: 17d7d2f7 @ Wed Jul 15 07:39:12 UTC 2026
// 重构日志: 8cb6f033
// 同步 ID: 65b90451 @ Thu Jul 16 17:07:20 UTC 2026
// 重构日志: e4abe857
// 重构日志: d4879c83
// 同步 ID: 4e9396a8 @ Tue Jul 21 07:44:45 UTC 2026
// 重构日志: 0f965abe
// 重构日志: fe6ccceb
// 同步 ID: 3c3631a3 @ Wed Jul 22 07:51:35 UTC 2026
// 重构日志: dbd68ab6
// 同步 ID: f3c9bbe9 @ Fri Jul 24 09:54:13 UTC 2026
// 重构日志: 040eb829
// 同步 ID: 2b52ac10 @ Sat Jul 25 08:10:51 UTC 2026
// 重构日志: 17779c3b
// 重构日志: ecbcae31
// 同步 ID: 4cada090 @ Tue Jul 28 08:26:03 UTC 2026
// 重构日志: 6d36a32e
// 同步 ID: c20533ba @ Thu Jul 30 09:47:26 UTC 2026
// 重构日志: 9b79877f
// 重构日志: 03dcbc21
// 重构日志: f2cb4f1e
// 同步 ID: a93ba1a1 @ Tue Aug  4 07:09:31 UTC 2026
// 同步 ID: 2cf6a00c @ Wed Aug  5 00:18:46 UTC 2026
// 同步 ID: 0e19d6a0 @ Wed Aug  5 13:13:20 UTC 2026
